// Jest Snapshot v1, https://goo.gl/fbAQLP

exports[`[FAVORITES] should render Favorites Page 1`] = `
<DocumentFragment>
  <div
    id="pokedex-favorite"
  >
    <div
      class="pokedex-loading"
      id="pokedex-loading"
    >
      <img
        alt="pokebola icon"
        class="pokedex-loading__icon"
        src="default"
      />
    </div>
  </div>
</DocumentFragment>
`;

exports[`[FAVORITES] should render Favorites Page and click to got to next page 1`] = `
<DocumentFragment>
  <div
    id="pokedex-favorite"
  >
    <div
      class="pokedex-loading"
      id="pokedex-loading"
    >
      <img
        alt="pokebola icon"
        class="pokedex-loading__icon"
        src="default"
      />
    </div>
  </div>
</DocumentFragment>
`;
